Watching for file changes with StatReloader
"POST /api/users/login/admin/step1/ HTTP/1.1" 200 283
"POST /api/users/login/admin/step2/ HTTP/1.1" 200 237
"OPTIONS /api/users/login/admin/step3/ HTTP/1.1" 200 0
Bad Request: /api/users/login/admin/step3/
"POST /api/users/login/admin/step3/ HTTP/1.1" 400 68
C:\Users\M S I\Desktop\starkiano\Stark-Card_App-its-here\Stark-Card_App-its-here\Stark-Card_App\stark_backend\users\serializers.py changed, reloading.
Watching for file changes with StatReloader
C:\Users\M S I\Desktop\starkiano\Stark-Card_App-its-here\Stark-Card_App-its-here\Stark-Card_App\stark_backend\users\serializers.py changed, reloading.
Watching for file changes with StatReloader
C:\Users\M S I\Desktop\starkiano\Stark-Card_App-its-here\Stark-Card_App-its-here\Stark-Card_App\stark_backend\users\models.py changed, reloading.
Watching for file changes with StatReloader
C:\Users\M S I\Desktop\starkiano\Stark-Card_App-its-here\Stark-Card_App-its-here\Stark-Card_App\stark_backend\users\models.py changed, reloading.
Watching for file changes with StatReloader
C:\Users\M S I\Desktop\starkiano\Stark-Card_App-its-here\Stark-Card_App-its-here\Stark-Card_App\stark_backend\users\models.py changed, reloading.
Watching for file changes with StatReloader
"POST /api/users/login/admin/step1/ HTTP/1.1" 200 283
"POST /api/users/login/admin/step2/ HTTP/1.1" 200 237
Bad Request: /api/users/login/admin/step3/
"POST /api/users/login/admin/step3/ HTTP/1.1" 400 68
Bad Request: /api/users/login/admin/step3/
"POST /api/users/login/admin/step3/ HTTP/1.1" 400 68
Bad Request: /api/users/login/admin/step3/
"POST /api/users/login/admin/step3/ HTTP/1.1" 400 68
C:\Users\M S I\Desktop\starkiano\Stark-Card_App-its-here\Stark-Card_App-its-here\Stark-Card_App\stark_backend\users\models.py changed, reloading.
Watching for file changes with StatReloader
Watching for file changes with StatReloader
"POST /api/users/login/admin/step1/ HTTP/1.1" 200 283
"POST /api/users/login/admin/step2/ HTTP/1.1" 200 237
"POST /api/users/login/admin/step3/ HTTP/1.1" 200 670
"OPTIONS /api/shipping/count/ HTTP/1.1" 200 0
"OPTIONS /api/all_requests/admin/requests/?status=pending HTTP/1.1" 200 0
"OPTIONS /api/all_requests/admin/requests/?status=in_progress HTTP/1.1" 200 0
"OPTIONS /api/all_requests/admin/requests/?status=objection HTTP/1.1" 200 0
"OPTIONS /api/users/stats/ HTTP/1.1" 200 0
"GET /api/all_requests/admin/requests/?status=pending HTTP/1.1" 200 2
"GET /api/shipping/count/ HTTP/1.1" 200 73
"GET /api/all_requests/admin/requests/?status=in_progress HTTP/1.1" 200 2
"GET /api/all_requests/admin/requests/?status=objection HTTP/1.1" 200 2
"GET /api/users/stats/ HTTP/1.1" 200 120
"OPTIONS /api/users/me/ HTTP/1.1" 200 0
"GET /api/users/me/ HTTP/1.1" 200 385
"OPTIONS /api/users/2fa/status/ HTTP/1.1" 200 0
Bad Request: /api/users/2fa/status/
"GET /api/users/2fa/status/ HTTP/1.1" 400 119
"OPTIONS /api/users/2fa/setup/ HTTP/1.1" 200 0
"GET /api/users/2fa/setup/ HTTP/1.1" 200 1836
"OPTIONS /api/payment-methods/admin/payment-methods/ HTTP/1.1" 200 0
"GET /api/payment-methods/admin/payment-methods/ HTTP/1.1" 200 492
"OPTIONS /api/store/admin/products/ HTTP/1.1" 200 0
"GET /api/store/admin/products/ HTTP/1.1" 200 79063
"OPTIONS /api/store/admin/sections/ HTTP/1.1" 200 0
"GET /api/store/admin/sections/ HTTP/1.1" 200 3395
"OPTIONS /api/third_party_apis/apis/ HTTP/1.1" 200 0
"GET /api/third_party_apis/apis/ HTTP/1.1" 200 286
"OPTIONS /api/store/admin/external-products/ HTTP/1.1" 200 0
"GET /api/store/admin/external-products/ HTTP/1.1" 200 27649
"OPTIONS /api/third_party_apis/apis/1/sync_products/ HTTP/1.1" 200 0
Product sync failed for API 1: Subclasses must implement get_products
"POST /api/third_party_apis/apis/1/sync_products/ HTTP/1.1" 200 66
"OPTIONS /api/store/admin/external-products/?api_id=1 HTTP/1.1" 200 0
"GET /api/store/admin/external-products/?api_id=1 HTTP/1.1" 200 27649
Internal Server Error: /api/store/admin/products/
Traceback (most recent call last):
  File "C:\Users\M S I\Desktop\starkiano\Stark-Card_App-its-here\Stark-Card_App-its-here\Stark-Card_App\stark_backend\stark-env\Lib\site-packages\django\core\handlers\exception.py", line 55, in inner
    response = get_response(request)
  File "C:\Users\M S I\Desktop\starkiano\Stark-Card_App-its-here\Stark-Card_App-its-here\Stark-Card_App\stark_backend\stark-env\Lib\site-packages\django\core\handlers\base.py", line 197, in _get_response
    response = wrapped_callback(request, *callback_args, **callback_kwargs)
  File "C:\Users\M S I\Desktop\starkiano\Stark-Card_App-its-here\Stark-Card_App-its-here\Stark-Card_App\stark_backend\stark-env\Lib\site-packages\django\views\decorators\csrf.py", line 65, in _view_wrapper
    return view_func(request, *args, **kwargs)
  File "C:\Users\M S I\Desktop\starkiano\Stark-Card_App-its-here\Stark-Card_App-its-here\Stark-Card_App\stark_backend\stark-env\Lib\site-packages\rest_framework\viewsets.py", line 125, in view
    return self.dispatch(request, *args, **kwargs)
           ~~~~~~~~~~~~~^^^^^^^^^^^^^^^^^^^^^^^^^^
  File "C:\Users\M S I\Desktop\starkiano\Stark-Card_App-its-here\Stark-Card_App-its-here\Stark-Card_App\stark_backend\stark-env\Lib\site-packages\rest_framework\views.py", line 515, in dispatch
    response = self.handle_exception(exc)
  File "C:\Users\M S I\Desktop\starkiano\Stark-Card_App-its-here\Stark-Card_App-its-here\Stark-Card_App\stark_backend\stark-env\Lib\site-packages\rest_framework\views.py", line 475, in handle_exception
    self.raise_uncaught_exception(exc)
    ~~~~~~~~~~~~~~~~~~~~~~~~~~~~~^^^^^
  File "C:\Users\M S I\Desktop\starkiano\Stark-Card_App-its-here\Stark-Card_App-its-here\Stark-Card_App\stark_backend\stark-env\Lib\site-packages\rest_framework\views.py", line 486, in raise_uncaught_exception
    raise exc
  File "C:\Users\M S I\Desktop\starkiano\Stark-Card_App-its-here\Stark-Card_App-its-here\Stark-Card_App\stark_backend\stark-env\Lib\site-packages\rest_framework\views.py", line 512, in dispatch
    response = handler(request, *args, **kwargs)
  File "C:\Users\M S I\Desktop\starkiano\Stark-Card_App-its-here\Stark-Card_App-its-here\Stark-Card_App\stark_backend\store\views.py", line 101, in create
    self.perform_create(serializer)
    ~~~~~~~~~~~~~~~~~~~^^^^^^^^^^^^
  File "C:\Users\M S I\Desktop\starkiano\Stark-Card_App-its-here\Stark-Card_App-its-here\Stark-Card_App\stark_backend\store\views.py", line 119, in perform_create
    serializer.save()
    ~~~~~~~~~~~~~~~^^
  File "C:\Users\M S I\Desktop\starkiano\Stark-Card_App-its-here\Stark-Card_App-its-here\Stark-Card_App\stark_backend\stark-env\Lib\site-packages\rest_framework\serializers.py", line 211, in save
    assert self.instance is not None, (
           ^^^^^^^^^^^^^^^^^^^^^^^^^
AssertionError: `create()` did not return an object instance.
"POST /api/store/admin/products/ HTTP/1.1" 500 130251
C:\Users\M S I\Desktop\starkiano\Stark-Card_App-its-here\Stark-Card_App-its-here\Stark-Card_App\stark_backend\store\serializers.py changed, reloading.
Watching for file changes with StatReloader
"POST /api/store/admin/products/ HTTP/1.1" 201 536
"GET /api/store/admin/products/ HTTP/1.1" 200 118467
"GET /api/store/admin/sections/ HTTP/1.1" 200 3395
"GET /api/third_party_apis/apis/ HTTP/1.1" 200 286
"GET /api/store/admin/external-products/ HTTP/1.1" 200 27649
"GET /media/products/melanoma_5_Evolving_Now-340x240_XY6rMRf.webp HTTP/1.1" 200 11730
"GET /media/products/melanoma_5_Evolving_Now-340x240_bGL4Rxo.webp HTTP/1.1" 200 11730
Product sync failed for API 1: Subclasses must implement get_products
"POST /api/third_party_apis/apis/1/sync_products/ HTTP/1.1" 200 66
"GET /api/store/admin/external-products/?api_id=1 HTTP/1.1" 200 27649
"POST /api/store/admin/products/ HTTP/1.1" 201 560
"GET /api/store/admin/products/ HTTP/1.1" 200 138196
"GET /api/store/admin/sections/ HTTP/1.1" 200 3395
"GET /api/third_party_apis/apis/ HTTP/1.1" 200 286
"GET /api/store/admin/external-products/ HTTP/1.1" 200 27649
"GET /media/products/melanoma_5_Evolving_Now-340x240_pvABPPO.webp HTTP/1.1" 200 11730
C:\Users\M S I\Desktop\starkiano\Stark-Card_App-its-here\Stark-Card_App-its-here\Stark-Card_App\stark_backend\users\views.py changed, reloading.
Watching for file changes with StatReloader
C:\Users\M S I\Desktop\starkiano\Stark-Card_App-its-here\Stark-Card_App-its-here\Stark-Card_App\stark_backend\users\urls.py changed, reloading.
Watching for file changes with StatReloader
C:\Users\M S I\Desktop\starkiano\Stark-Card_App-its-here\Stark-Card_App-its-here\Stark-Card_App\stark_backend\users\models.py changed, reloading.
Watching for file changes with StatReloader
Watching for file changes with StatReloader
"GET /api/users/me/ HTTP/1.1" 200 385
Bad Request: /api/users/2fa/status/
"GET /api/users/2fa/status/ HTTP/1.1" 400 113
Watching for file changes with StatReloader
